[
	"L.EI",
	"L.ENO",
	"L.I",
	"L.ICE",
	"L.IE",
	"L.IEN",
	"L.IN",
	"L.INE",
	"L.INO",
	"L.ION",
	"L.O",
	"L.OCI",
	"L.OCIE",
	"L.OIN",
	"L.ONE",
	"LEH.ICON",
	"LEH.IO",
	"LEH.O",
	"LIH.I",
	"LIHC.E",
	"LIHC.I",
	"LOH.E",
	"LOHC.I",
	"LOHC.INE"
]