[
	"z.ing",
	"z.onae",
	"zi.ar",
	"zoc.ie",
	"zag.er",
	"za.onic",
	"z.inco",
	"zoc.ier",
	"zac.",
	"zag.on",
	"zc.ar",
	"za.oic",
	"z.oea",
	"z.ein",
	"zar.ing",
	"z.one",
	"z.oa",
	"zir.a",
	"z.ine",
	"zih.en",
	"zah.ier",
	"z.ig",
	"z.ip",
	"z.ho",
	"zir.",
	"zip.e",
	"zah.ing",
	"zac.h",
	"zah.er",
	"za.ione",
	"z.igan",
	"z.oic",
	"zoc.",
	"zoc.ing",
	"zop.",
	"z.in",
	"z.ag",
	"zoc.e",
	"zar.er",
	"za.o",
	"zoc.en",
	"zer.",
	"z.aire",
	"z.ari",
	"z.ap",
	"z.ero",
	"za.on",
	"z.oner",
	"z.a",
	"z.inc",
	"z.o",
	"z.en",
	"zan.i",
	"zar.e",
	"z.ona",
	"z.ori",
	"z.e",
	"z.ea",
	"zan.ir",
	"zan.e",
	"zag.ier",
	"z.ep",
	"za.ine",
	"zag.e",
	"zar.or",
	"zah.e"
]