[
	"z.in",
	"z.incier",
	"z.ingier",
	"z.ingaro",
	"z.ingare",
	"z.inger",
	"za.ine",
	"z.innia",
	"z.inc",
	"z.incing",
	"z.incograph",
	"z.ingano",
	"z.ing",
	"z.ingani",
	"z.inco",
	"z.incographer",
	"z.ingari",
	"z.ine"
]