[
	"word.",
	"wor.",
	"wod.",
	"wo.",
	"w.o",
	"w.ord"
]