[
	[
		{
			"Bonus": 87,
			"Letter": 119
		},
		{
			"Bonus": 119,
			"Letter": 111
		},
		{
			"Bonus": 87,
			"Letter": 114
		},
		{
			"Bonus": 48,
			"Letter": 100
		},
		{
			"Bonus": 48,
			"Letter": 115
		},
		{
			"Bonus": 87,
			"Letter": 0
		},
		{
			"Bonus": 119,
			"Letter": 0
		},
		{
			"Bonus": 87,
			"Letter": 0
		},
		{
			"Bonus": 48,
			"Letter": 0
		},
		{
			"Bonus": 48,
			"Letter": 0
		},
		{
			"Bonus": 87,
			"Letter": 0
		},
		{
			"Bonus": 119,
			"Letter": 0
		},
		{
			"Bonus": 87,
			"Letter": 0
		},
		{
			"Bonus": 48,
			"Letter": 0
		},
		{
			"Bonus": 48,
			"Letter": 0
		}
	],
	[
		{
			"Bonus": 108,
			"Letter": 119
		},
		{
			"Bonus": 76,
			"Letter": 111
		},
		{
			"Bonus": 48,
			"Letter": 114
		},
		{
			"Bonus": 108,
			"Letter": 100
		},
		{
			"Bonus": 76,
			"Letter": 115
		},
		{
			"Bonus": 48,
			"Letter": 0
		},
		{
			"Bonus": 108,
			"Letter": 0
		},
		{
			"Bonus": 76,
			"Letter": 0
		},
		{
			"Bonus": 48,
			"Letter": 0
		},
		{
			"Bonus": 108,
			"Letter": 0
		},
		{
			"Bonus": 76,
			"Letter": 0
		},
		{
			"Bonus": 48,
			"Letter": 0
		},
		{
			"Bonus": 108,
			"Letter": 0
		},
		{
			"Bonus": 76,
			"Letter": 0
		},
		{
			"Bonus": 48,
			"Letter": 0
		}
	],
	[
		{
			"Bonus": 87,
			"Letter": 119
		},
		{
			"Bonus": 119,
			"Letter": 111
		},
		{
			"Bonus": 87,
			"Letter": 114
		},
		{
			"Bonus": 48,
			"Letter": 100
		},
		{
			"Bonus": 48,
			"Letter": 115
		},
		{
			"Bonus": 87,
			"Letter": 0
		},
		{
			"Bonus": 119,
			"Letter": 0
		},
		{
			"Bonus": 87,
			"Letter": 0
		},
		{
			"Bonus": 48,
			"Letter": 0
		},
		{
			"Bonus": 48,
			"Letter": 0
		},
		{
			"Bonus": 87,
			"Letter": 0
		},
		{
			"Bonus": 119,
			"Letter": 0
		},
		{
			"Bonus": 87,
			"Letter": 0
		},
		{
			"Bonus": 48,
			"Letter": 0
		},
		{
			"Bonus": 48,
			"Letter": 0
		}
	],
	[
		{
			"Bonus": 0,
			"Letter": 119
		},
		{
			"Bonus": 0,
			"Letter": 111
		},
		{
			"Bonus": 0,
			"Letter": 114
		},
		{
			"Bonus": 0,
			"Letter": 100
		},
		{
			"Bonus": 0,
			"Letter": 115
		},
		{
			"Bonus": 0,
			"Letter": 0
		},
		{
			"Bonus": 0,
			"Letter": 0
		},
		{
			"Bonus": 0,
			"Letter": 0
		},
		{
			"Bonus": 0,
			"Letter": 0
		},
		{
			"Bonus": 0,
			"Letter": 0
		},
		{
			"Bonus": 0,
			"Letter": 0
		},
		{
			"Bonus": 0,
			"Letter": 0
		},
		{
			"Bonus": 0,
			"Letter": 0
		},
		{
			"Bonus": 0,
			"Letter": 0
		},
		{
			"Bonus": 0,
			"Letter": 0
		}
	],
	[
		{
			"Bonus": 0,
			"Letter": 119
		},
		{
			"Bonus": 0,
			"Letter": 111
		},
		{
			"Bonus": 0,
			"Letter": 114
		},
		{
			"Bonus": 0,
			"Letter": 100
		},
		{
			"Bonus": 0,
			"Letter": 115
		},
		{
			"Bonus": 0,
			"Letter": 0
		},
		{
			"Bonus": 0,
			"Letter": 0
		},
		{
			"Bonus": 0,
			"Letter": 0
		},
		{
			"Bonus": 0,
			"Letter": 0
		},
		{
			"Bonus": 0,
			"Letter": 0
		},
		{
			"Bonus": 0,
			"Letter": 0
		},
		{
			"Bonus": 0,
			"Letter": 0
		},
		{
			"Bonus": 0,
			"Letter": 0
		},
		{
			"Bonus": 0,
			"Letter": 0
		},
		{
			"Bonus": 0,
			"Letter": 0
		}
	],
	[
		{
			"Bonus": 0,
			"Letter": 119
		},
		{
			"Bonus": 0,
			"Letter": 111
		},
		{
			"Bonus": 0,
			"Letter": 114
		},
		{
			"Bonus": 0,
			"Letter": 100
		},
		{
			"Bonus": 0,
			"Letter": 115
		},
		{
			"Bonus": 0,
			"Letter": 0
		},
		{
			"Bonus": 0,
			"Letter": 0
		},
		{
			"Bonus": 0,
			"Letter": 0
		},
		{
			"Bonus": 0,
			"Letter": 0
		},
		{
			"Bonus": 0,
			"Letter": 0
		},
		{
			"Bonus": 0,
			"Letter": 0
		},
		{
			"Bonus": 0,
			"Letter": 0
		},
		{
			"Bonus": 0,
			"Letter": 0
		},
		{
			"Bonus": 0,
			"Letter": 0
		},
		{
			"Bonus": 0,
			"Letter": 0
		}
	],
	[
		{
			"Bonus": 0,
			"Letter": 0
		},
		{
			"Bonus": 0,
			"Letter": 0
		},
		{
			"Bonus": 0,
			"Letter": 0
		},
		{
			"Bonus": 0,
			"Letter": 0
		},
		{
			"Bonus": 0,
			"Letter": 0
		},
		{
			"Bonus": 0,
			"Letter": 0
		},
		{
			"Bonus": 0,
			"Letter": 0
		},
		{
			"Bonus": 0,
			"Letter": 0
		},
		{
			"Bonus": 0,
			"Letter": 0
		},
		{
			"Bonus": 0,
			"Letter": 0
		},
		{
			"Bonus": 0,
			"Letter": 0
		},
		{
			"Bonus": 0,
			"Letter": 0
		},
		{
			"Bonus": 0,
			"Letter": 0
		},
		{
			"Bonus": 0,
			"Letter": 0
		},
		{
			"Bonus": 0,
			"Letter": 0
		}
	],
	[
		{
			"Bonus": 0,
			"Letter": 0
		},
		{
			"Bonus": 0,
			"Letter": 0
		},
		{
			"Bonus": 0,
			"Letter": 0
		},
		{
			"Bonus": 0,
			"Letter": 0
		},
		{
			"Bonus": 0,
			"Letter": 0
		},
		{
			"Bonus": 0,
			"Letter": 0
		},
		{
			"Bonus": 0,
			"Letter": 0
		},
		{
			"Bonus": 0,
			"Letter": 0
		},
		{
			"Bonus": 0,
			"Letter": 0
		},
		{
			"Bonus": 0,
			"Letter": 0
		},
		{
			"Bonus": 0,
			"Letter": 0
		},
		{
			"Bonus": 0,
			"Letter": 0
		},
		{
			"Bonus": 0,
			"Letter": 0
		},
		{
			"Bonus": 0,
			"Letter": 0
		},
		{
			"Bonus": 0,
			"Letter": 0
		}
	],
	[
		{
			"Bonus": 0,
			"Letter": 0
		},
		{
			"Bonus": 0,
			"Letter": 0
		},
		{
			"Bonus": 0,
			"Letter": 0
		},
		{
			"Bonus": 0,
			"Letter": 0
		},
		{
			"Bonus": 0,
			"Letter": 0
		},
		{
			"Bonus": 0,
			"Letter": 0
		},
		{
			"Bonus": 0,
			"Letter": 0
		},
		{
			"Bonus": 0,
			"Letter": 0
		},
		{
			"Bonus": 0,
			"Letter": 0
		},
		{
			"Bonus": 0,
			"Letter": 0
		},
		{
			"Bonus": 0,
			"Letter": 0
		},
		{
			"Bonus": 0,
			"Letter": 0
		},
		{
			"Bonus": 0,
			"Letter": 0
		},
		{
			"Bonus": 0,
			"Letter": 0
		},
		{
			"Bonus": 0,
			"Letter": 0
		}
	],
	[
		{
			"Bonus": 0,
			"Letter": 0
		},
		{
			"Bonus": 0,
			"Letter": 0
		},
		{
			"Bonus": 0,
			"Letter": 0
		},
		{
			"Bonus": 0,
			"Letter": 0
		},
		{
			"Bonus": 0,
			"Letter": 0
		},
		{
			"Bonus": 0,
			"Letter": 0
		},
		{
			"Bonus": 0,
			"Letter": 0
		},
		{
			"Bonus": 0,
			"Letter": 0
		},
		{
			"Bonus": 0,
			"Letter": 0
		},
		{
			"Bonus": 0,
			"Letter": 0
		},
		{
			"Bonus": 0,
			"Letter": 0
		},
		{
			"Bonus": 0,
			"Letter": 0
		},
		{
			"Bonus": 0,
			"Letter": 0
		},
		{
			"Bonus": 0,
			"Letter": 0
		},
		{
			"Bonus": 0,
			"Letter": 0
		}
	],
	[
		{
			"Bonus": 0,
			"Letter": 0
		},
		{
			"Bonus": 0,
			"Letter": 0
		},
		{
			"Bonus": 0,
			"Letter": 0
		},
		{
			"Bonus": 0,
			"Letter": 0
		},
		{
			"Bonus": 0,
			"Letter": 0
		},
		{
			"Bonus": 0,
			"Letter": 0
		},
		{
			"Bonus": 0,
			"Letter": 0
		},
		{
			"Bonus": 0,
			"Letter": 0
		},
		{
			"Bonus": 0,
			"Letter": 0
		},
		{
			"Bonus": 0,
			"Letter": 0
		},
		{
			"Bonus": 0,
			"Letter": 0
		},
		{
			"Bonus": 0,
			"Letter": 0
		},
		{
			"Bonus": 0,
			"Letter": 0
		},
		{
			"Bonus": 0,
			"Letter": 0
		},
		{
			"Bonus": 0,
			"Letter": 0
		}
	],
	[
		{
			"Bonus": 0,
			"Letter": 0
		},
		{
			"Bonus": 0,
			"Letter": 0
		},
		{
			"Bonus": 0,
			"Letter": 0
		},
		{
			"Bonus": 0,
			"Letter": 0
		},
		{
			"Bonus": 0,
			"Letter": 0
		},
		{
			"Bonus": 0,
			"Letter": 0
		},
		{
			"Bonus": 0,
			"Letter": 0
		},
		{
			"Bonus": 0,
			"Letter": 0
		},
		{
			"Bonus": 0,
			"Letter": 0
		},
		{
			"Bonus": 0,
			"Letter": 0
		},
		{
			"Bonus": 0,
			"Letter": 0
		},
		{
			"Bonus": 0,
			"Letter": 0
		},
		{
			"Bonus": 0,
			"Letter": 0
		},
		{
			"Bonus": 0,
			"Letter": 0
		},
		{
			"Bonus": 0,
			"Letter": 0
		}
	],
	[
		{
			"Bonus": 0,
			"Letter": 0
		},
		{
			"Bonus": 0,
			"Letter": 0
		},
		{
			"Bonus": 0,
			"Letter": 0
		},
		{
			"Bonus": 0,
			"Letter": 0
		},
		{
			"Bonus": 0,
			"Letter": 0
		},
		{
			"Bonus": 0,
			"Letter": 0
		},
		{
			"Bonus": 0,
			"Letter": 0
		},
		{
			"Bonus": 0,
			"Letter": 0
		},
		{
			"Bonus": 0,
			"Letter": 0
		},
		{
			"Bonus": 0,
			"Letter": 0
		},
		{
			"Bonus": 0,
			"Letter": 0
		},
		{
			"Bonus": 0,
			"Letter": 0
		},
		{
			"Bonus": 0,
			"Letter": 0
		},
		{
			"Bonus": 0,
			"Letter": 0
		},
		{
			"Bonus": 0,
			"Letter": 0
		}
	],
	[
		{
			"Bonus": 0,
			"Letter": 0
		},
		{
			"Bonus": 0,
			"Letter": 0
		},
		{
			"Bonus": 0,
			"Letter": 0
		},
		{
			"Bonus": 0,
			"Letter": 0
		},
		{
			"Bonus": 0,
			"Letter": 0
		},
		{
			"Bonus": 0,
			"Letter": 0
		},
		{
			"Bonus": 0,
			"Letter": 0
		},
		{
			"Bonus": 0,
			"Letter": 0
		},
		{
			"Bonus": 0,
			"Letter": 0
		},
		{
			"Bonus": 0,
			"Letter": 0
		},
		{
			"Bonus": 0,
			"Letter": 0
		},
		{
			"Bonus": 0,
			"Letter": 0
		},
		{
			"Bonus": 0,
			"Letter": 0
		},
		{
			"Bonus": 0,
			"Letter": 0
		},
		{
			"Bonus": 0,
			"Letter": 0
		}
	],
	[
		{
			"Bonus": 0,
			"Letter": 0
		},
		{
			"Bonus": 0,
			"Letter": 0
		},
		{
			"Bonus": 0,
			"Letter": 0
		},
		{
			"Bonus": 0,
			"Letter": 0
		},
		{
			"Bonus": 0,
			"Letter": 0
		},
		{
			"Bonus": 0,
			"Letter": 0
		},
		{
			"Bonus": 0,
			"Letter": 0
		},
		{
			"Bonus": 0,
			"Letter": 0
		},
		{
			"Bonus": 0,
			"Letter": 0
		},
		{
			"Bonus": 0,
			"Letter": 0
		},
		{
			"Bonus": 0,
			"Letter": 0
		},
		{
			"Bonus": 0,
			"Letter": 0
		},
		{
			"Bonus": 0,
			"Letter": 0
		},
		{
			"Bonus": 0,
			"Letter": 0
		},
		{
			"Bonus": 0,
			"Letter": 0
		}
	]
]