[
	[
		{
			"Bonus": 87,
			"Letter": 0
		},
		{
			"Bonus": 108,
			"Letter": 0
		},
		{
			"Bonus": 87,
			"Letter": 0
		},
		{
			"Bonus": 0,
			"Letter": 0
		},
		{
			"Bonus": 0,
			"Letter": 0
		},
		{
			"Bonus": 0,
			"Letter": 0
		},
		{
			"Bonus": 108,
			"Letter": 0
		},
		{
			"Bonus": 87,
			"Letter": 0
		},
		{
			"Bonus": 108,
			"Letter": 0
		},
		{
			"Bonus": 0,
			"Letter": 0
		},
		{
			"Bonus": 0,
			"Letter": 0
		},
		{
			"Bonus": 0,
			"Letter": 0
		},
		{
			"Bonus": 87,
			"Letter": 0
		},
		{
			"Bonus": 108,
			"Letter": 0
		},
		{
			"Bonus": 87,
			"Letter": 0
		}
	],
	[
		{
			"Bonus": 119,
			"Letter": 0
		},
		{
			"Bonus": 76,
			"Letter": 0
		},
		{
			"Bonus": 119,
			"Letter": 0
		},
		{
			"Bonus": 0,
			"Letter": 0
		},
		{
			"Bonus": 0,
			"Letter": 0
		},
		{
			"Bonus": 0,
			"Letter": 0
		},
		{
			"Bonus": 76,
			"Letter": 0
		},
		{
			"Bonus": 0,
			"Letter": 0
		},
		{
			"Bonus": 76,
			"Letter": 0
		},
		{
			"Bonus": 0,
			"Letter": 0
		},
		{
			"Bonus": 0,
			"Letter": 0
		},
		{
			"Bonus": 0,
			"Letter": 0
		},
		{
			"Bonus": 119,
			"Letter": 0
		},
		{
			"Bonus": 76,
			"Letter": 0
		},
		{
			"Bonus": 119,
			"Letter": 0
		}
	],
	[
		{
			"Bonus": 87,
			"Letter": 0
		},
		{
			"Bonus": 0,
			"Letter": 0
		},
		{
			"Bonus": 87,
			"Letter": 0
		},
		{
			"Bonus": 0,
			"Letter": 0
		},
		{
			"Bonus": 0,
			"Letter": 0
		},
		{
			"Bonus": 0,
			"Letter": 0
		},
		{
			"Bonus": 0,
			"Letter": 0
		},
		{
			"Bonus": 0,
			"Letter": 0
		},
		{
			"Bonus": 0,
			"Letter": 0
		},
		{
			"Bonus": 0,
			"Letter": 0
		},
		{
			"Bonus": 0,
			"Letter": 0
		},
		{
			"Bonus": 0,
			"Letter": 0
		},
		{
			"Bonus": 87,
			"Letter": 0
		},
		{
			"Bonus": 0,
			"Letter": 0
		},
		{
			"Bonus": 87,
			"Letter": 0
		}
	],
	[
		{
			"Bonus": 0,
			"Letter": 0
		},
		{
			"Bonus": 108,
			"Letter": 0
		},
		{
			"Bonus": 0,
			"Letter": 0
		},
		{
			"Bonus": 0,
			"Letter": 0
		},
		{
			"Bonus": 0,
			"Letter": 0
		},
		{
			"Bonus": 0,
			"Letter": 0
		},
		{
			"Bonus": 108,
			"Letter": 0
		},
		{
			"Bonus": 0,
			"Letter": 0
		},
		{
			"Bonus": 108,
			"Letter": 0
		},
		{
			"Bonus": 0,
			"Letter": 0
		},
		{
			"Bonus": 0,
			"Letter": 0
		},
		{
			"Bonus": 0,
			"Letter": 0
		},
		{
			"Bonus": 0,
			"Letter": 0
		},
		{
			"Bonus": 108,
			"Letter": 0
		},
		{
			"Bonus": 0,
			"Letter": 0
		}
	],
	[
		{
			"Bonus": 0,
			"Letter": 0
		},
		{
			"Bonus": 76,
			"Letter": 0
		},
		{
			"Bonus": 0,
			"Letter": 0
		},
		{
			"Bonus": 0,
			"Letter": 0
		},
		{
			"Bonus": 0,
			"Letter": 0
		},
		{
			"Bonus": 0,
			"Letter": 0
		},
		{
			"Bonus": 76,
			"Letter": 0
		},
		{
			"Bonus": 0,
			"Letter": 0
		},
		{
			"Bonus": 76,
			"Letter": 0
		},
		{
			"Bonus": 0,
			"Letter": 0
		},
		{
			"Bonus": 0,
			"Letter": 0
		},
		{
			"Bonus": 0,
			"Letter": 0
		},
		{
			"Bonus": 0,
			"Letter": 0
		},
		{
			"Bonus": 76,
			"Letter": 0
		},
		{
			"Bonus": 0,
			"Letter": 0
		}
	],
	[
		{
			"Bonus": 87,
			"Letter": 0
		},
		{
			"Bonus": 0,
			"Letter": 0
		},
		{
			"Bonus": 87,
			"Letter": 0
		},
		{
			"Bonus": 0,
			"Letter": 0
		},
		{
			"Bonus": 0,
			"Letter": 0
		},
		{
			"Bonus": 0,
			"Letter": 0
		},
		{
			"Bonus": 0,
			"Letter": 0
		},
		{
			"Bonus": 0,
			"Letter": 97
		},
		{
			"Bonus": 0,
			"Letter": 0
		},
		{
			"Bonus": 0,
			"Letter": 0
		},
		{
			"Bonus": 0,
			"Letter": 0
		},
		{
			"Bonus": 0,
			"Letter": 0
		},
		{
			"Bonus": 87,
			"Letter": 0
		},
		{
			"Bonus": 0,
			"Letter": 0
		},
		{
			"Bonus": 87,
			"Letter": 0
		}
	],
	[
		{
			"Bonus": 119,
			"Letter": 0
		},
		{
			"Bonus": 108,
			"Letter": 0
		},
		{
			"Bonus": 119,
			"Letter": 0
		},
		{
			"Bonus": 0,
			"Letter": 0
		},
		{
			"Bonus": 0,
			"Letter": 0
		},
		{
			"Bonus": 0,
			"Letter": 0
		},
		{
			"Bonus": 108,
			"Letter": 0
		},
		{
			"Bonus": 0,
			"Letter": 0
		},
		{
			"Bonus": 108,
			"Letter": 0
		},
		{
			"Bonus": 0,
			"Letter": 0
		},
		{
			"Bonus": 0,
			"Letter": 0
		},
		{
			"Bonus": 0,
			"Letter": 0
		},
		{
			"Bonus": 119,
			"Letter": 0
		},
		{
			"Bonus": 108,
			"Letter": 0
		},
		{
			"Bonus": 119,
			"Letter": 0
		}
	],
	[
		{
			"Bonus": 87,
			"Letter": 0
		},
		{
			"Bonus": 76,
			"Letter": 0
		},
		{
			"Bonus": 87,
			"Letter": 0
		},
		{
			"Bonus": 0,
			"Letter": 0
		},
		{
			"Bonus": 0,
			"Letter": 0
		},
		{
			"Bonus": 0,
			"Letter": 99
		},
		{
			"Bonus": 76,
			"Letter": 0
		},
		{
			"Bonus": 115,
			"Letter": 0
		},
		{
			"Bonus": 76,
			"Letter": 0
		},
		{
			"Bonus": 0,
			"Letter": 0
		},
		{
			"Bonus": 0,
			"Letter": 0
		},
		{
			"Bonus": 0,
			"Letter": 0
		},
		{
			"Bonus": 87,
			"Letter": 0
		},
		{
			"Bonus": 76,
			"Letter": 0
		},
		{
			"Bonus": 87,
			"Letter": 0
		}
	],
	[
		{
			"Bonus": 0,
			"Letter": 0
		},
		{
			"Bonus": 0,
			"Letter": 0
		},
		{
			"Bonus": 0,
			"Letter": 0
		},
		{
			"Bonus": 0,
			"Letter": 0
		},
		{
			"Bonus": 0,
			"Letter": 0
		},
		{
			"Bonus": 0,
			"Letter": 0
		},
		{
			"Bonus": 0,
			"Letter": 0
		},
		{
			"Bonus": 0,
			"Letter": 0
		},
		{
			"Bonus": 0,
			"Letter": 0
		},
		{
			"Bonus": 0,
			"Letter": 0
		},
		{
			"Bonus": 0,
			"Letter": 0
		},
		{
			"Bonus": 0,
			"Letter": 0
		},
		{
			"Bonus": 0,
			"Letter": 0
		},
		{
			"Bonus": 0,
			"Letter": 0
		},
		{
			"Bonus": 0,
			"Letter": 0
		}
	],
	[
		{
			"Bonus": 0,
			"Letter": 0
		},
		{
			"Bonus": 108,
			"Letter": 0
		},
		{
			"Bonus": 0,
			"Letter": 0
		},
		{
			"Bonus": 0,
			"Letter": 0
		},
		{
			"Bonus": 0,
			"Letter": 0
		},
		{
			"Bonus": 0,
			"Letter": 0
		},
		{
			"Bonus": 108,
			"Letter": 0
		},
		{
			"Bonus": 0,
			"Letter": 0
		},
		{
			"Bonus": 108,
			"Letter": 0
		},
		{
			"Bonus": 0,
			"Letter": 0
		},
		{
			"Bonus": 0,
			"Letter": 0
		},
		{
			"Bonus": 0,
			"Letter": 0
		},
		{
			"Bonus": 0,
			"Letter": 0
		},
		{
			"Bonus": 108,
			"Letter": 0
		},
		{
			"Bonus": 0,
			"Letter": 0
		}
	],
	[
		{
			"Bonus": 87,
			"Letter": 0
		},
		{
			"Bonus": 76,
			"Letter": 0
		},
		{
			"Bonus": 87,
			"Letter": 0
		},
		{
			"Bonus": 0,
			"Letter": 0
		},
		{
			"Bonus": 0,
			"Letter": 0
		},
		{
			"Bonus": 0,
			"Letter": 0
		},
		{
			"Bonus": 76,
			"Letter": 0
		},
		{
			"Bonus": 0,
			"Letter": 0
		},
		{
			"Bonus": 76,
			"Letter": 0
		},
		{
			"Bonus": 0,
			"Letter": 0
		},
		{
			"Bonus": 0,
			"Letter": 0
		},
		{
			"Bonus": 0,
			"Letter": 0
		},
		{
			"Bonus": 87,
			"Letter": 0
		},
		{
			"Bonus": 76,
			"Letter": 0
		},
		{
			"Bonus": 87,
			"Letter": 0
		}
	],
	[
		{
			"Bonus": 119,
			"Letter": 0
		},
		{
			"Bonus": 0,
			"Letter": 0
		},
		{
			"Bonus": 119,
			"Letter": 0
		},
		{
			"Bonus": 0,
			"Letter": 0
		},
		{
			"Bonus": 0,
			"Letter": 0
		},
		{
			"Bonus": 0,
			"Letter": 0
		},
		{
			"Bonus": 0,
			"Letter": 0
		},
		{
			"Bonus": 0,
			"Letter": 0
		},
		{
			"Bonus": 0,
			"Letter": 0
		},
		{
			"Bonus": 0,
			"Letter": 0
		},
		{
			"Bonus": 0,
			"Letter": 0
		},
		{
			"Bonus": 0,
			"Letter": 0
		},
		{
			"Bonus": 119,
			"Letter": 0
		},
		{
			"Bonus": 0,
			"Letter": 0
		},
		{
			"Bonus": 119,
			"Letter": 0
		}
	],
	[
		{
			"Bonus": 87,
			"Letter": 0
		},
		{
			"Bonus": 108,
			"Letter": 0
		},
		{
			"Bonus": 87,
			"Letter": 0
		},
		{
			"Bonus": 0,
			"Letter": 0
		},
		{
			"Bonus": 0,
			"Letter": 0
		},
		{
			"Bonus": 0,
			"Letter": 0
		},
		{
			"Bonus": 108,
			"Letter": 0
		},
		{
			"Bonus": 0,
			"Letter": 0
		},
		{
			"Bonus": 108,
			"Letter": 0
		},
		{
			"Bonus": 0,
			"Letter": 0
		},
		{
			"Bonus": 0,
			"Letter": 0
		},
		{
			"Bonus": 0,
			"Letter": 0
		},
		{
			"Bonus": 87,
			"Letter": 0
		},
		{
			"Bonus": 108,
			"Letter": 0
		},
		{
			"Bonus": 87,
			"Letter": 0
		}
	],
	[
		{
			"Bonus": 0,
			"Letter": 0
		},
		{
			"Bonus": 76,
			"Letter": 0
		},
		{
			"Bonus": 0,
			"Letter": 0
		},
		{
			"Bonus": 0,
			"Letter": 0
		},
		{
			"Bonus": 0,
			"Letter": 0
		},
		{
			"Bonus": 0,
			"Letter": 0
		},
		{
			"Bonus": 76,
			"Letter": 0
		},
		{
			"Bonus": 0,
			"Letter": 0
		},
		{
			"Bonus": 76,
			"Letter": 0
		},
		{
			"Bonus": 0,
			"Letter": 0
		},
		{
			"Bonus": 0,
			"Letter": 0
		},
		{
			"Bonus": 0,
			"Letter": 0
		},
		{
			"Bonus": 0,
			"Letter": 0
		},
		{
			"Bonus": 76,
			"Letter": 0
		},
		{
			"Bonus": 0,
			"Letter": 0
		}
	],
	[
		{
			"Bonus": 0,
			"Letter": 0
		},
		{
			"Bonus": 0,
			"Letter": 0
		},
		{
			"Bonus": 0,
			"Letter": 0
		},
		{
			"Bonus": 0,
			"Letter": 0
		},
		{
			"Bonus": 0,
			"Letter": 0
		},
		{
			"Bonus": 0,
			"Letter": 0
		},
		{
			"Bonus": 0,
			"Letter": 0
		},
		{
			"Bonus": 87,
			"Letter": 0
		},
		{
			"Bonus": 0,
			"Letter": 0
		},
		{
			"Bonus": 0,
			"Letter": 0
		},
		{
			"Bonus": 0,
			"Letter": 0
		},
		{
			"Bonus": 0,
			"Letter": 0
		},
		{
			"Bonus": 0,
			"Letter": 0
		},
		{
			"Bonus": 0,
			"Letter": 0
		},
		{
			"Bonus": 0,
			"Letter": 0
		}
	]
]