[
	"D.O",
	"D.OR",
	"D.OW",
	"D.ROW",
	"DO.",
	"DOR.",
	"DRO.",
	"DROW.",
	"O.D",
	"O.R",
	"O.RD",
	"O.W",
	"OD.",
	"OD.R",
	"OD.W",
	"OR.D",
	"OR.W",
	"ORD.W",
	"OW.",
	"OW.RD",
	"R.OD",
	"R.OW",
	"RD.OW",
	"RO.",
	"RO.D",
	"ROD.",
	"ROW.D",
	"W.O",
	"W.ORD",
	"WO.",
	"WOD.",
	"WOR.",
	"WORD."
]