{"bag":{"100":4,"101":12,"102":2,"103":3,"104":2,"105":9,"106":1,"107":1,"108":4,"109":2,"110":6,"111":8,"112":2,"114":6,"115":4,"116":6,"117":4,"118":2,"119":2,"120":1,"121":2,"95":2,"97":9,"98":2,"99":2},"LetterValues":{"100":2,"101":1,"102":4,"103":2,"104":4,"105":1,"106":8,"107":5,"108":1,"109":3,"110":1,"111":1,"112":3,"114":1,"115":1,"116":1,"117":1,"118":4,"119":4,"120":8,"121":4,"95":0,"97":1,"98":3,"99":3},"Board":[[{"Letter":0,"TileType":87},{"Letter":0,"TileType":48},{"Letter":0,"TileType":119},{"Letter":0,"TileType":48},{"Letter":0,"TileType":87}],[{"Letter":0,"TileType":48},{"Letter":0,"TileType":76},{"Letter":0,"TileType":48},{"Letter":0,"TileType":76},{"Letter":0,"TileType":48}],[{"Letter":98,"TileType":87},{"Letter":111,"TileType":48},{"Letter":111,"TileType":115},{"Letter":107,"TileType":48},{"Letter":0,"TileType":87}],[{"Letter":0,"TileType":48},{"Letter":0,"TileType":76},{"Letter":0,"TileType":48},{"Letter":0,"TileType":76},{"Letter":0,"TileType":48}],[{"Letter":0,"TileType":87},{"Letter":0,"TileType":48},{"Letter":0,"TileType":119},{"Letter":0,"TileType":48},{"Letter":0,"TileType":87}]],"Dictionary":{}}