{map[100:{map[114:{map[111:{map[119:{map[46:{map[115:{map[] true}] true}] false}] false}] false}] false} 101:{map[108:{map[104:{map[116:{map[114:{map[111:{map[119:{map[46:{map[115:{map[115:{map[] true}] false}] false}] false}] false}] false}] false}] false}] false}] false} 102:{map[104:{map[116:{map[114:{map[111:{map[119:{map[46:{map[117:{map[108:{map[] true}] false}] false}] false}] false}] false}] false}] false}] false} 104:{map[116:{map[114:{map[111:{map[119:{map[46:{map[102:{map[117:{map[108:{map[] true}] false}] false} 108:{map[101:{map[115:{map[115:{map[] true}] false}] false}] false}] false}] false}] false}] false}] false}] false} 107:{map[114:{map[111:{map[119:{map[46:{map[] true}] false}] false}] false}] false} 108:{map[104:{map[116:{map[114:{map[111:{map[119:{map[46:{map[101:{map[115:{map[115:{map[] true}] false}] false}] false}] false}] false}] false}] false}] false} 117:{map[102:{map[104:{map[116:{map[114:{map[111:{map[119:{map[46:{map[] true}] false}] false}] false}] false}] false}] false}] false}] false} 111:{map[119:{map[46:{map[114:{map[100:{map[115:{map[] true}] true} 107:{map[] true} 116:{map[104:{map[102:{map[117:{map[108:{map[] true}] false}] false} 108:{map[101:{map[115:{map[115:{map[] true}] false}] false}] false}] false}] false}] false}] false}] false}] false} 114:{map[111:{map[119:{map[46:{map[100:{map[115:{map[] true}] true} 107:{map[] true} 116:{map[104:{map[102:{map[117:{map[108:{map[] true}] false}] false} 108:{map[101:{map[115:{map[115:{map[] true}] false}] false}] false}] false}] false}] false}] false}] false}] false} 115:{map[100:{map[114:{map[111:{map[119:{map[46:{map[] true}] false}] false}] false}] false} 101:{map[108:{map[104:{map[116:{map[114:{map[111:{map[119:{map[46:{map[115:{map[] true}] false}] false}] false}] false}] false}] false}] false}] false} 115:{map[101:{map[108:{map[104:{map[116:{map[114:{map[111:{map[119:{map[46:{map[] true}] false}] false}] false}] false}] false}] false}] false}] false}] false} 116:{map[114:{map[111:{map[119:{map[46:{map[104:{map[102:{map[117:{map[108:{map[] true}] false}] false} 108:{map[101:{map[115:{map[115:{map[] true}] false}] false}] false}] false}] false}] false}] false}] false}] false} 117:{map[102:{map[104:{map[116:{map[114:{map[111:{map[119:{map[46:{map[108:{map[] true}] false}] false}] false}] false}] false}] false}] false}] false} 119:{map[46:{map[111:{map[114:{map[100:{map[115:{map[] true}] true} 107:{map[] true} 116:{map[104:{map[102:{map[117:{map[108:{map[] true}] false}] false} 108:{map[101:{map[115:{map[115:{map[] true}] false}] false}] false}] false}] false}] false}] false}] false}] false}] false}