{
	"Name": "",
	"Points": 0,
	"Rack": [
		97,
		98,
		99,
		100,
		101,
		102,
		103,
		104
	]
}