{
	"Name": "",
	"Points": 0,
	"Rack": [
		97,
		99,
		100,
		100,
		101,
		105,
		97,
		107
	]
}