{"100":4,"101":12,"102":2,"103":3,"104":2,"105":9,"106":1,"107":1,"108":4,"109":2,"110":6,"111":8,"112":2,"114":6,"115":4,"116":6,"117":4,"118":2,"119":2,"120":1,"121":2,"95":2,"97":9,"98":2,"99":2}